[36mvite v7.3.6 [32mbuilding client environment for production...[36m[39m
transforming...
[33m[plugin vite:esbuild] src/app/(app)/pos/client.tsx: [33mThis case clause will never be evaluated because it duplicates an earlier case clause[33m
874 |                      handleClearCart();
875 |                      break;
876 |                  case 'F2':
    |                       ^
877 |                      if (viewMode === 'payment') {
878 |                          e.preventDefault();
[39m
[32mÔ£ô[39m 3461 modules transformed.
[33mGenerated an empty chunk: "react".[39m
rendering chunks...
computing gzip size...
[2mdist/[22m[32mregisterSW.js                                  [39m[1m[2m  0.13 kB[22m[1m[22m
[2mdist/[22m[32mmanifest.webmanifest                           [39m[1m[2m  0.36 kB[22m[1m[22m
[2mdist/[22m[32mindex.html                                     [39m[1m[2m  1.22 kB[22m[1m[22m[2m Ôöé gzip:   0.56 kB[22m
[2mdist/[22m[35massets/index-DQcgwa4l.css                      [39m[1m[2m111.16 kB[22m[1m[22m[2m Ôöé gzip:  18.24 kB[22m
[2mdist/[22m[36massets/react-l0sNRNKZ.js                       [39m[1m[2m  0.00 kB[22m[1m[22m[2m Ôöé gzip:   0.02 kB[22m
[2mdist/[22m[36massets/plus-CPpRvx36.js                        [39m[1m[2m  0.15 kB[22m[1m[22m[2m Ôöé gzip:   0.15 kB[22m
[2mdist/[22m[36massets/arrow-left-CjHBwvJg.js                  [39m[1m[2m  0.17 kB[22m[1m[22m[2m Ôöé gzip:   0.16 kB[22m
[2mdist/[22m[36massets/search-BhDhFpnl.js                      [39m[1m[2m  0.17 kB[22m[1m[22m[2m Ôöé gzip:   0.17 kB[22m
[2mdist/[22m[36massets/circle-check-DwEY9idJ.js                [39m[1m[2m  0.17 kB[22m[1m[22m[2m Ôöé gzip:   0.17 kB[22m
[2mdist/[22m[36massets/clock-BBM8gsDS.js                       [39m[1m[2m  0.18 kB[22m[1m[22m[2m Ôöé gzip:   0.17 kB[22m
[2mdist/[22m[36massets/sales-C-ueSWJa.js                       [39m[1m[2m  0.18 kB[22m[1m[22m[2m Ôöé gzip:   0.15 kB[22m
[2mdist/[22m[36massets/backup-KnwbvsQ8.js                      [39m[1m[2m  0.19 kB[22m[1m[22m[2m Ôöé gzip:   0.17 kB[22m
[2mdist/[22m[36massets/circle-x-BI6-_Siq.js                    [39m[1m[2m  0.20 kB[22m[1m[22m[2m Ôöé gzip:   0.18 kB[22m
[2mdist/[22m[36massets/trending-up-Gy1fzhJV.js                 [39m[1m[2m  0.21 kB[22m[1m[22m[2m Ôöé gzip:   0.18 kB[22m
[2mdist/[22m[36massets/credit-card-VIlXHMJm.js                 [39m[1m[2m  0.21 kB[22m[1m[22m[2m Ôöé gzip:   0.19 kB[22m
[2mdist/[22m[36massets/dollar-sign-DFZloUQS.js                 [39m[1m[2m  0.22 kB[22m[1m[22m[2m Ôöé gzip:   0.19 kB[22m
[2mdist/[22m[36massets/index-B_2ZkV49.js                       [39m[1m[2m  0.23 kB[22m[1m[22m[2m Ôöé gzip:   0.17 kB[22m
[2mdist/[22m[36massets/orders-C4A9iYrR.js                      [39m[1m[2m  0.25 kB[22m[1m[22m[2m Ôöé gzip:   0.16 kB[22m
[2mdist/[22m[36massets/products-nZN3aomg.js                    [39m[1m[2m  0.25 kB[22m[1m[22m[2m Ôöé gzip:   0.15 kB[22m
[2mdist/[22m[36massets/upload-QHhlTm7G.js                      [39m[1m[2m  0.26 kB[22m[1m[22m[2m Ôöé gzip:   0.22 kB[22m
[2mdist/[22m[36massets/calendar-hh9F6DXE.js                    [39m[1m[2m  0.26 kB[22m[1m[22m[2m Ôöé gzip:   0.20 kB[22m
[2mdist/[22m[36massets/triangle-alert-CiSxoRst.js              [39m[1m[2m  0.27 kB[22m[1m[22m[2m Ôöé gzip:   0.22 kB[22m
[2mdist/[22m[36massets/pencil-CPlDn6Cj.js                      [39m[1m[2m  0.28 kB[22m[1m[22m[2m Ôöé gzip:   0.23 kB[22m
[2mdist/[22m[36massets/house-B9mq5ekq.js                       [39m[1m[2m  0.29 kB[22m[1m[22m[2m Ôöé gzip:   0.22 kB[22m
[2mdist/[22m[36massets/send-DLCp9dlS.js                        [39m[1m[2m  0.29 kB[22m[1m[22m[2m Ôöé gzip:   0.23 kB[22m
[2mdist/[22m[36massets/delete-DwPj2vjJ.js                      [39m[1m[2m  0.30 kB[22m[1m[22m[2m Ôöé gzip:   0.23 kB[22m
[2mdist/[22m[36massets/user-plus-CNO9gZH-.js                   [39m[1m[2m  0.31 kB[22m[1m[22m[2m Ôöé gzip:   0.24 kB[22m
[2mdist/[22m[36massets/printer-B5dEepYA.js                     [39m[1m[2m  0.32 kB[22m[1m[22m[2m Ôöé gzip:   0.24 kB[22m
[2mdist/[22m[36massets/save-C4t99Fs1.js                        [39m[1m[2m  0.33 kB[22m[1m[22m[2m Ôöé gzip:   0.23 kB[22m
[2mdist/[22m[36massets/key-round-B0GXswlB.js                   [39m[1m[2m  0.35 kB[22m[1m[22m[2m Ôöé gzip:   0.26 kB[22m
[2mdist/[22m[36massets/trash-2-hzFgsIBe.js                     [39m[1m[2m  0.36 kB[22m[1m[22m[2m Ôöé gzip:   0.25 kB[22m
[2mdist/[22m[36massets/delivery-routes-C5yYfV7P.js             [39m[1m[2m  0.36 kB[22m[1m[22m[2m Ôöé gzip:   0.19 kB[22m
[2mdist/[22m[36massets/package-CLIl_jl4.js                     [39m[1m[2m  0.37 kB[22m[1m[22m[2m Ôöé gzip:   0.26 kB[22m
[2mdist/[22m[36massets/file-spreadsheet-hDptHZb3.js            [39m[1m[2m  0.38 kB[22m[1m[22m[2m Ôöé gzip:   0.23 kB[22m
[2mdist/[22m[36massets/inventory-D8cSBhHr.js                   [39m[1m[2m  0.43 kB[22m[1m[22m[2m Ôöé gzip:   0.19 kB[22m
[2mdist/[22m[36massets/folder-Cct-LErX.js                      [39m[1m[2m  0.47 kB[22m[1m[22m[2m Ôöé gzip:   0.29 kB[22m
[2mdist/[22m[36massets/textarea-CC8H1RSQ.js                    [39m[1m[2m  0.53 kB[22m[1m[22m[2m Ôöé gzip:   0.34 kB[22m
[2mdist/[22m[36massets/categories-XsGWGS4u.js                  [39m[1m[2m  0.53 kB[22m[1m[22m[2m Ôöé gzip:   0.22 kB[22m
[2mdist/[22m[36massets/customers-5I2Zbhyf.js                   [39m[1m[2m  0.66 kB[22m[1m[22m[2m Ôöé gzip:   0.25 kB[22m
[2mdist/[22m[36massets/phone-BMPegUDG.js                       [39m[1m[2m  0.67 kB[22m[1m[22m[2m Ôöé gzip:   0.39 kB[22m
[2mdist/[22m[36massets/badge-DvZnI3ew.js                       [39m[1m[2m  0.74 kB[22m[1m[22m[2m Ôöé gzip:   0.39 kB[22m
[2mdist/[22m[36massets/page-BlW8gsoI.js                        [39m[1m[2m  1.36 kB[22m[1m[22m[2m Ôöé gzip:   0.69 kB[22m
[2mdist/[22m[36massets/inventory-action-dialog-DY3hqX2w.js     [39m[1m[2m  1.45 kB[22m[1m[22m[2m Ôöé gzip:   0.67 kB[22m
[2mdist/[22m[36massets/table-KzB5yI9g.js                       [39m[1m[2m  1.55 kB[22m[1m[22m[2m Ôöé gzip:   0.57 kB[22m
[2mdist/[22m[36massets/payment-summary-dialog-BrqhNXrT.js      [39m[1m[2m  1.56 kB[22m[1m[22m[2m Ôöé gzip:   0.59 kB[22m
[2mdist/[22m[36massets/edit-inventory-item-dialog-CbwYgkZ1.js  [39m[1m[2m  1.73 kB[22m[1m[22m[2m Ôöé gzip:   0.97 kB[22m
[2mdist/[22m[36massets/client-TKvKQCST.js                      [39m[1m[2m  1.83 kB[22m[1m[22m[2m Ôöé gzip:   0.80 kB[22m
[2mdist/[22m[36massets/held-bills-dialog-Dq37bpYs.js           [39m[1m[2m  1.86 kB[22m[1m[22m[2m Ôöé gzip:   0.86 kB[22m
[2mdist/[22m[36massets/page-DdWAYuws.js                        [39m[1m[2m  1.88 kB[22m[1m[22m[2m Ôöé gzip:   0.93 kB[22m
[2mdist/[22m[36massets/page-Bj2BRFQr.js                        [39m[1m[2m  2.38 kB[22m[1m[22m[2m Ôöé gzip:   1.05 kB[22m
[2mdist/[22m[36massets/switch-Dp0AsVrr.js                      [39m[1m[2m  2.52 kB[22m[1m[22m[2m Ôöé gzip:   1.26 kB[22m
[2mdist/[22m[36massets/client-BD4tSeUQ.js                      [39m[1m[2m  2.54 kB[22m[1m[22m[2m Ôöé gzip:   1.07 kB[22m
[2mdist/[22m[36massets/parseISO-BHOmUCeP.js                    [39m[1m[2m  2.68 kB[22m[1m[22m[2m Ôöé gzip:   1.19 kB[22m
[2mdist/[22m[36massets/client-Biv_tJuT.js                      [39m[1m[2m  2.85 kB[22m[1m[22m[2m Ôöé gzip:   0.98 kB[22m
[2mdist/[22m[36massets/client-D2dirqMU.js                      [39m[1m[2m  2.95 kB[22m[1m[22m[2m Ôöé gzip:   1.24 kB[22m
[2mdist/[22m[36massets/image-picker-C-uYF-lq.js                [39m[1m[2m  2.97 kB[22m[1m[22m[2m Ôöé gzip:   1.43 kB[22m
[2mdist/[22m[36massets/tabs-DNU-AxR_.js                        [39m[1m[2m  3.23 kB[22m[1m[22m[2m Ôöé gzip:   1.37 kB[22m
[2mdist/[22m[36massets/progress-BIrCoBaa.js                    [39m[1m[2m  3.29 kB[22m[1m[22m[2m Ôöé gzip:   1.58 kB[22m
[2mdist/[22m[36massets/client-CWhelRXY.js                      [39m[1m[2m  3.34 kB[22m[1m[22m[2m Ôöé gzip:   1.26 kB[22m
[2mdist/[22m[36massets/page-O8IW7T8z.js                        [39m[1m[2m  3.57 kB[22m[1m[22m[2m Ôöé gzip:   1.40 kB[22m
[2mdist/[22m[36massets/client-FzUJvG-V.js                      [39m[1m[2m  3.76 kB[22m[1m[22m[2m Ôöé gzip:   1.55 kB[22m
[2mdist/[22m[36massets/checkbox-CoDUliSp.js                    [39m[1m[2m  3.89 kB[22m[1m[22m[2m Ôöé gzip:   1.72 kB[22m
[2mdist/[22m[36massets/receipt-template-BQxIABwX.js            [39m[1m[2m  3.95 kB[22m[1m[22m[2m Ôöé gzip:   1.31 kB[22m
[2mdist/[22m[36massets/page-CQWNT_Co.js                        [39m[1m[2m  4.10 kB[22m[1m[22m[2m Ôöé gzip:   1.50 kB[22m
[2mdist/[22m[36massets/client-CPmZDeMi.js                      [39m[1m[2m  4.16 kB[22m[1m[22m[2m Ôöé gzip:   1.76 kB[22m
[2mdist/[22m[36massets/radio-group-BlnmDVxw.js                 [39m[1m[2m  4.22 kB[22m[1m[22m[2m Ôöé gzip:   1.94 kB[22m
[2mdist/[22m[36massets/page-DNdh3b4Z.js                        [39m[1m[2m  4.29 kB[22m[1m[22m[2m Ôöé gzip:   1.24 kB[22m
[2mdist/[22m[36massets/client-DJRFzI07.js                      [39m[1m[2m  4.52 kB[22m[1m[22m[2m Ôöé gzip:   1.77 kB[22m
[2mdist/[22m[36massets/page-BbOpPhG5.js                        [39m[1m[2m  4.62 kB[22m[1m[22m[2m Ôöé gzip:   1.36 kB[22m
[2mdist/[22m[36massets/client-zZX-vqKv.js                      [39m[1m[2m  4.65 kB[22m[1m[22m[2m Ôöé gzip:   1.58 kB[22m
[2mdist/[22m[36massets/alert-dialog-CaHvYds7.js                [39m[1m[2m  4.87 kB[22m[1m[22m[2m Ôöé gzip:   1.80 kB[22m
[2mdist/[22m[36massets/dynamic-BPPHXjOu.js                     [39m[1m[2m  4.90 kB[22m[1m[22m[2m Ôöé gzip:   1.99 kB[22m
[2mdist/[22m[36massets/client-CRqugGLh.js                      [39m[1m[2m  5.11 kB[22m[1m[22m[2m Ôöé gzip:   1.85 kB[22m
[2mdist/[22m[36massets/client-B_zKJz44.js                      [39m[1m[2m  5.49 kB[22m[1m[22m[2m Ôöé gzip:   1.53 kB[22m
[2mdist/[22m[36massets/client-CQe-24j_.js                      [39m[1m[2m  5.80 kB[22m[1m[22m[2m Ôöé gzip:   2.22 kB[22m
[2mdist/[22m[36massets/client-CvI1x69v.js                      [39m[1m[2m  5.92 kB[22m[1m[22m[2m Ôöé gzip:   2.06 kB[22m
[2mdist/[22m[36massets/page-CoiQ91-8.js                        [39m[1m[2m  6.40 kB[22m[1m[22m[2m Ôöé gzip:   2.24 kB[22m
[2mdist/[22m[36massets/jewelry-reports-gELZF7pn.js             [39m[1m[2m  6.56 kB[22m[1m[22m[2m Ôöé gzip:   1.99 kB[22m
[2mdist/[22m[36massets/page-BY43EBy8.js                        [39m[1m[2m  6.75 kB[22m[1m[22m[2m Ôöé gzip:   2.50 kB[22m
[2mdist/[22m[36massets/assign-client-dialog-Cuth39so.js        [39m[1m[2m  6.79 kB[22m[1m[22m[2m Ôöé gzip:   2.29 kB[22m
[2mdist/[22m[36massets/client-CbL-9P4B.js                      [39m[1m[2m  6.94 kB[22m[1m[22m[2m Ôöé gzip:   2.25 kB[22m
[2mdist/[22m[36massets/page-DMnY22G0.js                        [39m[1m[2m  7.38 kB[22m[1m[22m[2m Ôöé gzip:   2.80 kB[22m
[2mdist/[22m[36massets/page-gNI4R3uu.js                        [39m[1m[2m  8.24 kB[22m[1m[22m[2m Ôöé gzip:   2.74 kB[22m
[2mdist/[22m[36massets/client-BrL1kvA-.js                      [39m[1m[2m  9.03 kB[22m[1m[22m[2m Ôöé gzip:   3.21 kB[22m
[2mdist/[22m[36massets/client-BmrbCg04.js                      [39m[1m[2m  9.25 kB[22m[1m[22m[2m Ôöé gzip:   3.14 kB[22m
[2mdist/[22m[36massets/client-CQo2DxLr.js                      [39m[1m[2m 10.04 kB[22m[1m[22m[2m Ôöé gzip:   3.39 kB[22m
[2mdist/[22m[36massets/import-inventory-dialog-DkaJsBoV.js     [39m[1m[2m 11.55 kB[22m[1m[22m[2m Ôöé gzip:   4.02 kB[22m
[2mdist/[22m[36massets/client-XpchhPs8.js                      [39m[1m[2m 11.59 kB[22m[1m[22m[2m Ôöé gzip:   2.49 kB[22m
[2mdist/[22m[36massets/edit-product-dialog-DL1vgaLa.js         [39m[1m[2m 11.94 kB[22m[1m[22m[2m Ôöé gzip:   3.47 kB[22m
[2mdist/[22m[36massets/client-ioRe8_QI.js                      [39m[1m[2m 13.72 kB[22m[1m[22m[2m Ôöé gzip:   4.59 kB[22m
[2mdist/[22m[36massets/page-DMA1EttO.js                        [39m[1m[2m 14.76 kB[22m[1m[22m[2m Ôöé gzip:   3.97 kB[22m
[2mdist/[22m[36massets/purchase-item-dialog-Dh86Dffg.js        [39m[1m[2m 15.60 kB[22m[1m[22m[2m Ôöé gzip:   4.51 kB[22m
[2mdist/[22m[36massets/client-BLOOCbas.js                      [39m[1m[2m 15.70 kB[22m[1m[22m[2m Ôöé gzip:   4.80 kB[22m
[2mdist/[22m[36massets/client-CmS8U7wg.js                      [39m[1m[2m 19.14 kB[22m[1m[22m[2m Ôöé gzip:   5.88 kB[22m
[2mdist/[22m[36massets/client-BUnBWzy8.js                      [39m[1m[2m 19.67 kB[22m[1m[22m[2m Ôöé gzip:   5.89 kB[22m
[2mdist/[22m[36massets/client-3GHIP-1h.js                      [39m[1m[2m 21.79 kB[22m[1m[22m[2m Ôöé gzip:   6.39 kB[22m
[2mdist/[22m[36massets/select-BVjW6lTv.js                      [39m[1m[2m 22.23 kB[22m[1m[22m[2m Ôöé gzip:   7.81 kB[22m
[2mdist/[22m[36massets/add-inventory-item-dialog-BJaUE2yk.js   [39m[1m[2m 22.80 kB[22m[1m[22m[2m Ôöé gzip:   6.26 kB[22m
[2mdist/[22m[36massets/jewelry-pos-YqNGFgkj.js                 [39m[1m[2m 29.48 kB[22m[1m[22m[2m Ôöé gzip:   8.33 kB[22m
[2mdist/[22m[36massets/calendar-YaVWbxmK.js                    [39m[1m[2m 34.29 kB[22m[1m[22m[2m Ôöé gzip:  10.92 kB[22m
[2mdist/[22m[36massets/page-pOWMRcWO.js                        [39m[1m[2m 38.34 kB[22m[1m[22m[2m Ôöé gzip:  10.14 kB[22m
[2mdist/[22m[36massets/client-C99f9jRp.js                      [39m[1m[2m 74.74 kB[22m[1m[22m[2m Ôöé gzip:  18.52 kB[22m
[2mdist/[22m[36massets/router-B3JnA7PI.js                      [39m[1m[2m 84.86 kB[22m[1m[22m[2m Ôöé gzip:  29.82 kB[22m
[2mdist/[22m[36massets/form-CD06ACj9.js                        [39m[1m[2m 91.43 kB[22m[1m[22m[2m Ôöé gzip:  25.58 kB[22m
[2mdist/[22m[36massets/index-Bje6NXJw.js                       [39m[1m[2m322.43 kB[22m[1m[22m[2m Ôöé gzip:  99.24 kB[22m
[2mdist/[22m[36massets/excel-BojT3SgY.js                       [39m[1m[2m424.38 kB[22m[1m[22m[2m Ôöé gzip: 141.60 kB[22m
[2mdist/[22m[36massets/charts-BK9l37RE.js                      [39m[1m[33m545.12 kB[39m[22m[2m Ôöé gzip: 154.91 kB[22m
[33m
(!) Some chunks are larger than 500 kB after minification. Consider:
- Using dynamic import() to code-split the application
- Use build.rollupOptions.output.manualChunks to improve chunking: https://rollupjs.org/configuration-options/#output-manualchunks
- Adjust chunk size limit for this warning via build.chunkSizeWarningLimit.[39m
[32mÔ£ô built in 50.84s[39m

PWA v1.3.0
mode      generateSW
precache  121 entries (2186.69 KiB)
files generated
  dist/sw.js
  dist/workbox-ee9d8b34.js
